------------------------------------------------------------
TimeQuest Timing Analyzer Summary
------------------------------------------------------------

Type  : Slow Model Setup 'clock_50'
Slack : -2.504
TNS   : -37.996

Type  : Slow Model Setup 'FreqDivider:TIMER|counter[25]'
Slack : -0.055
TNS   : -0.107

Type  : Slow Model Hold 'clock_50'
Slack : -2.094
TNS   : -2.094

Type  : Slow Model Hold 'FreqDivider:TIMER|counter[25]'
Slack : 0.537
TNS   : 0.000

Type  : Slow Model Minimum Pulse Width 'clock_50'
Slack : -1.380
TNS   : -27.380

Type  : Slow Model Minimum Pulse Width 'FreqDivider:TIMER|counter[25]'
Slack : -0.500
TNS   : -11.000

Type  : Fast Model Setup 'clock_50'
Slack : -0.680
TNS   : -5.888

Type  : Fast Model Setup 'FreqDivider:TIMER|counter[25]'
Slack : 0.505
TNS   : 0.000

Type  : Fast Model Hold 'clock_50'
Slack : -1.428
TNS   : -1.428

Type  : Fast Model Hold 'FreqDivider:TIMER|counter[25]'
Slack : 0.247
TNS   : 0.000

Type  : Fast Model Minimum Pulse Width 'clock_50'
Slack : -1.380
TNS   : -27.380

Type  : Fast Model Minimum Pulse Width 'FreqDivider:TIMER|counter[25]'
Slack : -0.500
TNS   : -11.000

------------------------------------------------------------
