------------------------------------------------------------
TimeQuest Timing Analyzer Summary
------------------------------------------------------------

Type  : Slow Model Setup 'clock_50'
Slack : -2.503
TNS   : -37.959

Type  : Slow Model Setup 'FreqDivider:TIMER|counter[25]'
Slack : -1.033
TNS   : -3.966

Type  : Slow Model Hold 'clock_50'
Slack : -2.114
TNS   : -2.114

Type  : Slow Model Hold 'FreqDivider:TIMER|counter[25]'
Slack : 0.391
TNS   : 0.000

Type  : Slow Model Minimum Pulse Width 'clock_50'
Slack : -1.380
TNS   : -27.380

Type  : Slow Model Minimum Pulse Width 'FreqDivider:TIMER|counter[25]'
Slack : -0.500
TNS   : -16.000

Type  : Fast Model Setup 'clock_50'
Slack : -0.680
TNS   : -5.888

Type  : Fast Model Setup 'FreqDivider:TIMER|counter[25]'
Slack : 0.106
TNS   : 0.000

Type  : Fast Model Hold 'clock_50'
Slack : -1.446
TNS   : -1.446

Type  : Fast Model Hold 'FreqDivider:TIMER|counter[25]'
Slack : 0.215
TNS   : 0.000

Type  : Fast Model Minimum Pulse Width 'clock_50'
Slack : -1.380
TNS   : -27.380

Type  : Fast Model Minimum Pulse Width 'FreqDivider:TIMER|counter[25]'
Slack : -0.500
TNS   : -16.000

------------------------------------------------------------
